---
source: crates/noc/src/tui/sums.rs
expression: "draw(&window, 80, 14)"
---
"                                                                                "
"                                                                                "
"  ╔════════════════════════════════ SHA-256 ═════════════════════════════════╗  "
"  ║   ba7816bf…f20015ad  dir/a.txt                                           ║  "
"  ║ - skipped            dir/b.txt                                           ║  "
"  ║   0a78160f…f20015ad  dir/sub/c.txt                                       ║  "
"  ║                                                                          ║  "
"  ║ dir/b.txt                                                                ║  "
"  ║ skipped                                                                  ║  "
"  ╟──────────────────────────────────────────────────────────────────────────╢  "
"  ║                 [< Copy >] [ Copy all ] [ Save… ] [ OK ]                 ║  "
"  ╚══════════════════════════════════════════════════════════════════════════╝  "
"                                                                                "
"                                                                                "
