---
source: crates/noc/src/tui/configuration.rs
expression: "draw(&mut dialog, 72, 16)"
---
"                                                                        "
"  ╔═════════════════════════ Configuration ══════════════════════════╗  "
"  ║  󰍹 Interface    │ Language           auto                      █ ║  "
"  ║  󰓡 Transfers    │ Theme              < mc-classic >            █ ║  "
"  ║  󰣀 SSH          │ Borders            < Double ═ ║ ╔ >          █ ║  "
"  ║  󰋊 Volumes      │ Icons              [x]                       █ ║  "
"  ║  󰥨 zoxide       │ Show hidden files  [x]                       █ ║  "
"  ║  󰆍 Command line │ Fuzzy search       [x]                       █ ║  "
"  ║                 │ Mouse              [x]                       █ ║  "
"  ║                 │ Mouse wheel        3                         ░ ║  "
"  ║                 │ Terminal title     [x]                       ░ ║  "
"  ╟─────────────────┴────────────────────────────────────────────────╢  "
"  ║ Colors: mc-classic, as mc; terminal, the terminal's own; noon,   ║  "
"  ║ from the logo, and catppuccin, each dark or light.               ║  "
"  ╚══════════════════════════════════════════════════════════════════╝  "
"                                                                        "
