---
source: crates/noc/src/tui/progress.rs
expression: "draw_at(&view, start + secs(75))"
---
"                                                                "
"  ╔═════════════════════════ Delete ═════════════════════════╗  "
"  ║ Deleting                                                 ║  "
"  ║ /srv/www/index.html                                      ║  "
"  ║ █████████████░░░░░░░░░░░░░░░░░░░░░░░░░░░░░░░░░░░░░░  25% ║  "
"  ║ 3 of 12                                                  ║  "
"  ║ Time 1:15                                                ║  "
"  ║                                                          ║  "
"  ║                [< Background >] [ Abort ]                ║  "
"  ╚══════════════════════════════════════════════════════════╝  "
"                                                                "
