---
source: crates/noc/src/tui/app.rs
expression: terminal.backend()
---
"╔ 1 docs ═ 2 /srv/docs ══════╗╔ /srv ══════════════╤═══════╗"
"║       ↑Name        │ Size  ║║       ↑Name        │ Size  ║"
"╟────────────────────┴───────╢╟────────────────────┴───────╢"
"║..                          ║║..                          ║"
"╚════════════════════════════╝╚════════════════════════════╝"
"1Help 2     3View 4Edit 5Copy 6Re~ov7Mkdir8De~te9Pu~Dn10Quit"
