---
source: crates/noc/src/tui/dialog.rs
expression: terminal.backend()
---
"                                                            "
"     ╔════════════════════ Select ════════════════════╗     "
"     ║ *.md                                           ║     "
"     ║ [ ] Files only                                 ║     "
"     ║ [x] Case sensitive                             ║     "
"     ║                                                ║     "
"     ║              [< OK >] [ Cancel ]               ║     "
"     ╚════════════════════════════════════════════════╝     "
"                                                            "
"                                                            "
