---
source: crates/noc/src/tui/help.rs
expression: "draw(&mut help, 70, 16)"
---
"                                                                      "
"                                                                      "
"  ╔═════════════════════════════ Help ═════════════════════════════╗  "
"  ║ Everywhere                                                     ║  "
"  ║ Alt+/            The keys that can be t~ now, and what they do ║  "
"  ║                                                                ║  "
"  ║ Panels                                                         ║  "
"  ║ Up, Ctrl+p       One row up                                    ║  "
"  ║ Down, Ctrl+n     One row down                                  ║  "
"  ║ PgUp, Alt+v      One page up                                   ║  "
"  ║ PgDn, Ctrl+v     One page down                                 ║  "
"  ║ Home             First row                                     ║  "
"  ║ End              Last row                                      ║  "
"  ╚════════════════════════════════════════════════════════════════╝  "
"                                                                      "
"                                                                      "
