---
source: crates/noc/src/tui/menu.rs
expression: "draw(&mut menu, 14)"
---
"                                                  "
" ╔════════════════════ Left ════════════════════╗ "
" ║ Filter:                                      ║ "
" ║ ──────────────────────────────────────────── ║ "
" ║ 1 ~ Home                                212G ║ "
" ║ 2 + Macintosh HD                        212G ║ "
" ║ 3 + USB                                 212G ║ "
" ║ 4 + share                                  ? ║ "
" ║ ─ SFTP ───────────────────────────────────── ║ "
" ║ 5 ● Prod                     deploy@10.0.0.5 ║ "
" ║ 6 ○ db                                       ║ "
" ║ 7 ○ proxy             root@proxy.example.org ║ "
" ╚══════════════════════════════════════════════╝ "
"                                                  "
