---
source: crates/noc/src/tui/pulldown.rs
expression: "draw(&menu, &Theme::terminal())"
---
"  Left     File     Command     Options     Workspace     Right "
"          ╔══════════════════════════════╗                      "
"          ║   View                    F3 ║                      "
"          ║   Edit                       ║                      "
"          ║   Copy                       ║                      "
"          ║   Rename/Move                ║                      "
"          ║   Rename in place            ║                      "
"          ║   Mkdir                      ║                      "
"          ║   Delete                     ║                      "
"          ╟──────────────────────────────╢                      "
"          ║   Select group…              ║                      "
"          ║   Unselect group…            ║                      "
"          ║   Invert selection           ║                      "
"          ╟──────────────────────────────╢                      "
"          ║   Checksums…        Ctrl+x # ║                      "
"          ╟──────────────────────────────╢                      "
"          ║   Exit                       ║                      "
"          ╚══════════════════════════════╝                      "
"                                                                "
"                                                                "
