---
source: crates/noc/src/tui/jump.rs
expression: "draw(&mut menu, 12)"
---
"                                                                      "
"                                                                      "
"╔══════════════════════════════ zoxide ══════════════════════════════╗"
"║ Jump to:                                                           ║"
"║ ────────────────────────────────────────────────────────────────── ║"
"║ 1 ~/src/noc                                                   56.0 ║"
"║ 2 /srv/www                                                    12.5 ║"
"║ 3 ~                                                            4.0 ║"
"║ 4 ~/Downloads/a b                                              0.3 ║"
"╚════════════════════════════════════════════════════════════════════╝"
"                                                                      "
"                                                                      "
