---
source: crates/noc/src/tui/workspaces.rs
expression: "draw(&mut window, 12)"
---
"                                                                "
"                                                                "
"  ╔═══════════════════════ Workspaces ═══════════════════════╗  "
"  ║ Filter:                                                  ║  "
"  ║ ──────────────────────────────────────────────────────── ║  "
"  ║ 1 noon                                            2 tabs ║  "
"  ║ 2 deploy                                          3 tabs ║  "
"  ║ 3 photos                                          4 tabs ║  "
"  ║ 4 Notes                                           5 tabs ║  "
"  ╚══════════════════════════════════════════════════════════╝  "
"                                                                "
"                                                                "
