---
source: crates/noc/src/tui/help.rs
expression: "draw(&mut help, 70, 16)"
---
"                                                                      "
"                                                                      "
"  ╔═════════════════════════════ Help ═════════════════════════════╗  "
"  ║ Panels                                                         ║  "
"  ║ Up, Ctrl-p       One row up                                    ║  "
"  ║ Down, Ctrl-n     One row down                                  ║  "
"  ║ PageUp, Alt-v    One page up                                   ║  "
"  ║ PageDown, Ctrl-v One page down                                 ║  "
"  ║ Home             First row                                     ║  "
"  ║ End              Last row                                      ║  "
"  ║ Enter            Open the directory or host under the cursor   ║  "
"  ║ Insert, Ctrl-t,  Mark or unmark, then the next row             ║  "
"  ║ Shift-Down                                                     ║  "
"  ╚════════════════════════════════════════════════════════════════╝  "
"                                                                      "
"                                                                      "
