---
source: crates/noc/src/tui/progress.rs
expression: "draw_at(&view, start + secs(10))"
---
"                                                                "
"  ╔══════════════════════════ Copy ══════════════════════════╗  "
"  ║ Copying                                                  ║  "
"  ║ big                                                      ║  "
"  ║ ██████████░░░░░░░░░░░░░░░░░░░░░░░░░░░░░░░░░░░░░░░░░  20% ║  "
"  ║ 1 of 2, 20480K of 102400K bytes                          ║  "
"  ║ Time 0:10   ETA 0:40   2.0M/s                            ║  "
"  ║                                                          ║  "
"  ║                [< Background >] [ Abort ]                ║  "
"  ╚══════════════════════════════════════════════════════════╝  "
"                                                                "
