---
source: crates/noc/src/tui/jobs.rs
expression: "draw(&list, &rows(&[1, 2]), 8)"
---
"                                                                                "
"  ╔══════════════════════════════════ Jobs ══════════════════════════════════╗  "
"  ║ Copy           10%     ETA 1:30  /srv/file1                              ║  "
"  ║ Copy           20%               /srv/file2                              ║  "
"  ║                                                                          ║  "
"  ║                       [< Show >] [ Abort ] [ OK ]                        ║  "
"  ╚══════════════════════════════════════════════════════════════════════════╝  "
"                                                                                "
