---
source: crates/noc/src/tui/panel.rs
expression: "draw(&mut panel, 50, 9, true)"
---
"╔ Hosts ═════════════════════════════════════════╗"
"║         Name          │        Address         ║"
"║  [Local]              │~                       ║"
"║○ Prod                 │deploy@10.0.0.5         ║"
"║○ db                   │                        ║"
"║○ staging              │ubuntu@stg.e~le.org:2222║"
"╟────────────────────────────────────────────────╢"
"║web                                             ║"
"╚════════════════════════════════════════════════╝"
