---
source: crates/noc/src/tui/dialog.rs
expression: terminal.backend()
---
"                                                  "
"  ╔═══════════════════ web ════════════════════╗  "
"  ║ deploy@10.0.0.5's password:                ║  "
"  ║ *******                                    ║  "
"  ║                                            ║  "
"  ║            [< OK >] [ Cancel ]             ║  "
"  ╚════════════════════════════════════════════╝  "
"                                                  "
"                                                  "
