---
source: crates/noc/src/tui/sums.rs
expression: "draw(&window, 80, 14)"
---
"                                                                                "
"                                                                                "
"  ╔════════════════════════════════ SHA-256 ═════════════════════════════════╗  "
"  ║ abc.txt                                                                  ║  "
"  ║ ba7816bf8f01cfea414140de5dae2223b00361a396177a9cb410ff61f20015ad         ║  "
"  ║                                                                          ║  "
"  ║ Matches the expected checksum.                                           ║  "
"  ║                                                                          ║  "
"  ║ Sent to the terminal's clipboard.                                        ║  "
"  ║                                                                          ║  "
"  ║                       [< Copy >] [ Save… ] [ OK ]                        ║  "
"  ╚══════════════════════════════════════════════════════════════════════════╝  "
"                                                                                "
"                                                                                "
