---
source: crates/sftp-tui/src/tui/app.rs
expression: terminal.backend()
---
"┌ /srv/left ─────────────────┐┌ /srv ──────────────────────┐"
"│       ↑Name        │ Size  ││       ↑Name        │ Size  │"
"│/..                 │UP--DIR││/..                 │UP--DIR│"
"│/deeper             │    DIR││/left               │    DIR│"
"├────────────────────────────┤├────────────────────────────┤"
"│..                          ││..                          │"
"└────────────────────────────┘└────────────────────────────┘"
"1Help 2     3     4     5Copy 6     7Mkdir8De~te9     10Quit"
