---
source: crates/sftp-tui/src/tui/progress.rs
expression: draw(&view)
---
"                                                                "
"  ┌ Delete ──────────────────────────────────────────────────┐  "
"  │ Deleting                                                 │  "
"  │ /srv/www/index.html                                      │  "
"  │ █████████████░░░░░░░░░░░░░░░░░░░░░░░░░░░░░░░░░░░░░░  25% │  "
"  │ 3 of 12                                                  │  "
"  │                                                          │  "
"  │                [< Background >] [ Abort ]                │  "
"  └──────────────────────────────────────────────────────────┘  "
"                                                                "
