---
source: crates/sftp-tui/src/tui/app.rs
expression: terminal.backend()
---
"┌──────────────────┐┌──────────────────┐"
"│                  ││                  │"
"│                  ││                  │"
"│                  ││                  │"
"│                  ││                  │"
"│                  ││                  │"
"└──────────────────┘└──────────────────┘"
"10Quit                                  "
