---
source: crates/sftp-tui/src/tui/panel.rs
expression: "render(&mut panel, 50, 9, false, &hosts)"
---
"┌ Hosts ─────────────────────────────────────────┐"
"│         Name          │        Address         │"
"│  [Local]              │~                       │"
"│● Prod                 │deploy@10.0.0.9         │"
"│✗ db                   │                        │"
"│| staging              │ubuntu@stg.e~le.org:2222│"
"├────────────────────────────────────────────────┤"
"│/home/me                                        │"
"└────────────────────────────────────────────────┘"
